------------------------------------------------------------
Timing Analyzer Summary
------------------------------------------------------------

Type  : Slow 1100mV 85C Model Setup 'CP'
Slack : -0.977
TNS   : -3.274

Type  : Slow 1100mV 85C Model Hold 'CP'
Slack : 0.525
TNS   : 0.000

Type  : Slow 1100mV 85C Model Minimum Pulse Width 'CP'
Slack : -0.724
TNS   : -5.566

Type  : Slow 1100mV 0C Model Setup 'CP'
Slack : -1.026
TNS   : -3.527

Type  : Slow 1100mV 0C Model Hold 'CP'
Slack : 0.552
TNS   : 0.000

Type  : Slow 1100mV 0C Model Minimum Pulse Width 'CP'
Slack : -0.724
TNS   : -5.563

Type  : Fast 1100mV 85C Model Setup 'CP'
Slack : 0.206
TNS   : 0.000

Type  : Fast 1100mV 85C Model Hold 'CP'
Slack : 0.178
TNS   : 0.000

Type  : Fast 1100mV 85C Model Minimum Pulse Width 'CP'
Slack : -0.090
TNS   : -0.443

Type  : Fast 1100mV 0C Model Setup 'CP'
Slack : 0.248
TNS   : 0.000

Type  : Fast 1100mV 0C Model Hold 'CP'
Slack : 0.167
TNS   : 0.000

Type  : Fast 1100mV 0C Model Minimum Pulse Width 'CP'
Slack : -0.088
TNS   : -0.433

------------------------------------------------------------
